// Jest Snapshot v1, https://goo.gl/fbAQLP

exports[`Badge should render the component 1`] = `
<span
  className="badge someClass"
>
  10
</span>
`;
