// Jest Snapshot v1, https://goo.gl/fbAQLP

exports[`Mailbox should render the component 1`] = `
<section
  className="mailbox"
>
  <header
    className="header"
  >
    <h1
      className="name"
    >
      inbox
    </h1>
  </header>
</section>
`;
