// Jest Snapshot v1, https://goo.gl/fbAQLP

exports[`Button should render the component 1`] = `
<button
  className="button primary "
  disabled={false}
  onClick={[MockFunction]}
>
  <div
    className="Button-child"
  />
</button>
`;
