// Jest Snapshot v1, https://goo.gl/fbAQLP

exports[`Mailbox should render the component 1`] = `
<div
  className="row"
>
  <div
    className="col-sm-3"
  >
    <MailboxAside />
  </div>
  <div
    className="col-sm-9"
  >
    <h1>
      Inbox
    </h1>
  </div>
</div>
`;
