// Jest Snapshot v1, https://goo.gl/fbAQLP

exports[`SettingsCog should render the component 1`] = `
<div
  className="settingsCog"
>
  <i
    className="icon icon-settings"
  />
</div>
`;
